node C:\Users\admin\Desktop\Blockchain_based DPKI platform\DPKI-and-DID-platform-Lenovo\chain33-dpki-real-experiment\run-real-dpki-experiment.js --consensus-backend pow --rpc http://127.0.0.1:8545 --pow-rpc http://127.0.0.1:8801 --pow-runtime C:\Users\admin\Desktop\Blockchain_based DPKI platform\DPKI-and-DID-platform-Lenovo\omnilink-pow-4nodes\runtime --pow-warmup-ms 10000 --epsilon-points 0,0.05,0.1,0.15,0.2,0.25,0.3,0.35,0.4,0.45,0.5,0.55,0.6 --requests-per-epsilon 2000 --lambda-arrival 3.0 --p-manage 0.1 --gamma-on-chain 0.3 --q-manage 0.3 --lambda-block 30.0 --service-cas 4 --fixed-gas-limit 800000 --fixed-gas-price-wei 1 --raw-tx-submit-timeout-ms 250 --raw-tx-submit-retries 4 --raw-tx-receipt-timeout-ms 15000 --service-shape-mode none --arrival-mode virtual --kind-plan-mode fixed --dpki-root-read-mode chain --dpki-proof-read-mode http --dpki-proof-base-port 20080 --actual-execution-mode serial --dpki-offchain-shape-mean-ms 0.0 --dpki-auth-shape-mean-ms 0.0 --dpki-management-shape-mean-ms 0.0 --pki-auth-shape-mean-ms 0.0 --pki-cross-shape-mean-ms 0.0 --pki-management-shape-mean-ms 0.0 --reset-per-epsilon --seed 61001

Transaction signing: chainId=3999 gasPriceWei=1 gasLimit=800000 estimateGas=off
Using Omnilink PoW EVM at http://127.0.0.1:8545: maintainers=4/4 currentBlock=5934229 mineEmpty=true meanBlockMs=20
DPKIExperiment.sol:3:1: Warning: Experimental features are turned on. Do not use experimental features on live deployments.
pragma experimental ABIEncoderV2;
^-------------------------------^

Deploying DPKIExperiment to Omnilink PoW EVM for eps-0...
Contract: 0x6d8Dcc6a584F291BFfbdd6FD7040f60F2373A196
Preparing OpenSSL X.509 hierarchy for DPKI certificates...
Writing initial certificate repositories and MPT roots on Omnilink PoW EVM chain...
Starting online DPKI proof responder at http://127.0.0.1:20080
Synced sender-1 0xab7F5238cbEfB02062241cf979e4994b656FB944 pending nonce=261882
Synced sender-2 0x3499AE3576D556116669077755fB85956EFb9f9B pending nonce=2934
Synced sender-3 0x96b43891Ea648082f4a4117baD280725B913a216 pending nonce=2748
Synced sender-4 0x77eFb5eDd6894891B99504E693fc61945073309d pending nonce=2664
Omnilink PoW EVM workload senders: sender-1=0xab7F5238cbEfB02062241cf979e4994b656FB944, sender-2=0x3499AE3576D556116669077755fB85956EFb9f9B, sender-3=0x96b43891Ea648082f4a4117baD280725B913a216, sender-4=0x77eFb5eDd6894891B99504E693fc61945073309d
Preparing OpenSSL X.509 PKI hierarchy...
Starting online OpenSSL OCSP responders for PKI...
Running measured Omnilink PoW DPKI workload for epsilon=0
Running measured PKI certificate-chain workload for epsilon=0
epsilon=0 DPKI=0.0797s PKI=0.1764 (raw=0.1738s, net+2.60ms) onChain=740/2000 cross=0/2000 chainBlocks=740 avgTxPerBlock=1.00 lambda_a=1.932/1.890 lambda_b=1.134/1.110
Deploying DPKIExperiment to Omnilink PoW EVM for eps-0p05...
Contract: 0xC1c7450724F4CD0f8152DFc223bb61ed084A1e14
Preparing OpenSSL X.509 hierarchy for DPKI certificates...
Writing initial certificate repositories and MPT roots on Omnilink PoW EVM chain...
Starting online DPKI proof responder at http://127.0.0.1:20080
Synced sender-1 0xab7F5238cbEfB02062241cf979e4994b656FB944 pending nonce=262099
Synced sender-2 0x3499AE3576D556116669077755fB85956EFb9f9B pending nonce=3119
Synced sender-3 0x96b43891Ea648082f4a4117baD280725B913a216 pending nonce=2933
Synced sender-4 0x77eFb5eDd6894891B99504E693fc61945073309d pending nonce=2849
Omnilink PoW EVM workload senders: sender-1=0xab7F5238cbEfB02062241cf979e4994b656FB944, sender-2=0x3499AE3576D556116669077755fB85956EFb9f9B, sender-3=0x96b43891Ea648082f4a4117baD280725B913a216, sender-4=0x77eFb5eDd6894891B99504E693fc61945073309d
Preparing OpenSSL X.509 PKI hierarchy...
Starting online OpenSSL OCSP responders for PKI...
Running measured Omnilink PoW DPKI workload for epsilon=0.05
Running measured PKI certificate-chain workload for epsilon=0.05
epsilon=0.05 DPKI=0.0826s PKI=0.2063 (raw=0.2035s, net+2.79ms) onChain=803/2000 cross=90/2000 chainBlocks=803 avgTxPerBlock=1.00 lambda_a=1.753/1.795 lambda_b=1.176/1.205
Deploying DPKIExperiment to Omnilink PoW EVM for eps-0p1...
deployContract estimateGas transient RPC failure on attempt 1/5: Invalid JSON RPC response: ""
Contract: 0xf8FCC3b961192C6fc8EdB249CbB5Fe9F4146E30f
Preparing OpenSSL X.509 hierarchy for DPKI certificates...
Writing initial certificate repositories and MPT roots on Omnilink PoW EVM chain...
Starting online DPKI proof responder at http://127.0.0.1:20080
Synced sender-1 0xab7F5238cbEfB02062241cf979e4994b656FB944 pending nonce=262332
Synced sender-2 0x3499AE3576D556116669077755fB85956EFb9f9B pending nonce=3320
Synced sender-3 0x96b43891Ea648082f4a4117baD280725B913a216 pending nonce=3134
Synced sender-4 0x77eFb5eDd6894891B99504E693fc61945073309d pending nonce=3049
Omnilink PoW EVM workload senders: sender-1=0xab7F5238cbEfB02062241cf979e4994b656FB944, sender-2=0x3499AE3576D556116669077755fB85956EFb9f9B, sender-3=0x96b43891Ea648082f4a4117baD280725B913a216, sender-4=0x77eFb5eDd6894891B99504E693fc61945073309d
Preparing OpenSSL X.509 PKI hierarchy...
Starting online OpenSSL OCSP responders for PKI...
Running measured Omnilink PoW DPKI workload for epsilon=0.1
Running measured PKI certificate-chain workload for epsilon=0.1
epsilon=0.1 DPKI=0.0840s PKI=0.2332 (raw=0.2302s, net+2.97ms) onChain=866/2000 cross=180/2000 chainBlocks=866 avgTxPerBlock=1.00 lambda_a=1.713/1.701 lambda_b=1.308/1.299
Deploying DPKIExperiment to Omnilink PoW EVM for eps-0p15...
deployContract estimateGas transient RPC failure on attempt 1/5: Invalid JSON RPC response: ""
Contract: 0x845711E3e7Eb80A0CD9e2349FD5666b06EFC0A5A
Preparing OpenSSL X.509 hierarchy for DPKI certificates...
Writing initial certificate repositories and MPT roots on Omnilink PoW EVM chain...
Starting online DPKI proof responder at http://127.0.0.1:20080
Synced sender-1 0xab7F5238cbEfB02062241cf979e4994b656FB944 pending nonce=262581
Synced sender-2 0x3499AE3576D556116669077755fB85956EFb9f9B pending nonce=3537
Synced sender-3 0x96b43891Ea648082f4a4117baD280725B913a216 pending nonce=3350
Synced sender-4 0x77eFb5eDd6894891B99504E693fc61945073309d pending nonce=3265
Omnilink PoW EVM workload senders: sender-1=0xab7F5238cbEfB02062241cf979e4994b656FB944, sender-2=0x3499AE3576D556116669077755fB85956EFb9f9B, sender-3=0x96b43891Ea648082f4a4117baD280725B913a216, sender-4=0x77eFb5eDd6894891B99504E693fc61945073309d
Preparing OpenSSL X.509 PKI hierarchy...
Starting online OpenSSL OCSP responders for PKI...
Running measured Omnilink PoW DPKI workload for epsilon=0.15
Running measured PKI certificate-chain workload for epsilon=0.15
epsilon=0.15 DPKI=0.0858s PKI=0.2605 (raw=0.2573s, net+3.16ms) onChain=929/2000 cross=270/2000 chainBlocks=929 avgTxPerBlock=1.00 lambda_a=1.597/1.607 lambda_b=1.385/1.393
Deploying DPKIExperiment to Omnilink PoW EVM for eps-0p2...
deployContract estimateGas transient RPC failure on attempt 1/5: Invalid JSON RPC response: ""
Contract: 0x3F568B709F0A99bdc9350B5031476f73F1365E85
Preparing OpenSSL X.509 hierarchy for DPKI certificates...
Writing initial certificate repositories and MPT roots on Omnilink PoW EVM chain...
Starting online DPKI proof responder at http://127.0.0.1:20080
Synced sender-1 0xab7F5238cbEfB02062241cf979e4994b656FB944 pending nonce=262846
Synced sender-2 0x3499AE3576D556116669077755fB85956EFb9f9B pending nonce=3769
Synced sender-3 0x96b43891Ea648082f4a4117baD280725B913a216 pending nonce=3582
Synced sender-4 0x77eFb5eDd6894891B99504E693fc61945073309d pending nonce=3497
Omnilink PoW EVM workload senders: sender-1=0xab7F5238cbEfB02062241cf979e4994b656FB944, sender-2=0x3499AE3576D556116669077755fB85956EFb9f9B, sender-3=0x96b43891Ea648082f4a4117baD280725B913a216, sender-4=0x77eFb5eDd6894891B99504E693fc61945073309d
Preparing OpenSSL X.509 PKI hierarchy...
Starting online OpenSSL OCSP responders for PKI...
Running measured Omnilink PoW DPKI workload for epsilon=0.2
Running measured PKI certificate-chain workload for epsilon=0.2
epsilon=0.2 DPKI=0.0876s PKI=0.2762 (raw=0.2728s, net+3.35ms) onChain=992/2000 cross=360/2000 chainBlocks=992 avgTxPerBlock=1.00 lambda_a=1.519/1.512 lambda_b=1.495/1.488
Deploying DPKIExperiment to Omnilink PoW EVM for eps-0p25...
deployContract estimateGas transient RPC failure on attempt 1/5: Invalid JSON RPC response: ""
Contract: 0xFB02F15Af3C24046D37fC3dfb96414C16E786AB8
Preparing OpenSSL X.509 hierarchy for DPKI certificates...
Writing initial certificate repositories and MPT roots on Omnilink PoW EVM chain...
Starting online DPKI proof responder at http://127.0.0.1:20080
Synced sender-1 0xab7F5238cbEfB02062241cf979e4994b656FB944 pending nonce=263126
Synced sender-2 0x3499AE3576D556116669077755fB85956EFb9f9B pending nonce=4017
Synced sender-3 0x96b43891Ea648082f4a4117baD280725B913a216 pending nonce=3830
Synced sender-4 0x77eFb5eDd6894891B99504E693fc61945073309d pending nonce=3745
Omnilink PoW EVM workload senders: sender-1=0xab7F5238cbEfB02062241cf979e4994b656FB944, sender-2=0x3499AE3576D556116669077755fB85956EFb9f9B, sender-3=0x96b43891Ea648082f4a4117baD280725B913a216, sender-4=0x77eFb5eDd6894891B99504E693fc61945073309d
Preparing OpenSSL X.509 PKI hierarchy...
Starting online OpenSSL OCSP responders for PKI...
Running measured Omnilink PoW DPKI workload for epsilon=0.25
Running measured PKI certificate-chain workload for epsilon=0.25
epsilon=0.25 DPKI=0.0895s PKI=0.3146 (raw=0.3110s, net+3.54ms) onChain=1055/2000 cross=450/2000 chainBlocks=1055 avgTxPerBlock=1.00 lambda_a=1.375/1.417 lambda_b=1.535/1.583
Deploying DPKIExperiment to Omnilink PoW EVM for eps-0p3...
deployContract estimateGas transient RPC failure on attempt 1/5: Invalid JSON RPC response: ""
Contract: 0xDbF0af9494ba4F420EEb81eD9afEcA3221b09751
Preparing OpenSSL X.509 hierarchy for DPKI certificates...
Writing initial certificate repositories and MPT roots on Omnilink PoW EVM chain...
Starting online DPKI proof responder at http://127.0.0.1:20080
Synced sender-1 0xab7F5238cbEfB02062241cf979e4994b656FB944 pending nonce=263422
Synced sender-2 0x3499AE3576D556116669077755fB85956EFb9f9B pending nonce=4281
Synced sender-3 0x96b43891Ea648082f4a4117baD280725B913a216 pending nonce=4094
Synced sender-4 0x77eFb5eDd6894891B99504E693fc61945073309d pending nonce=4008
Omnilink PoW EVM workload senders: sender-1=0xab7F5238cbEfB02062241cf979e4994b656FB944, sender-2=0x3499AE3576D556116669077755fB85956EFb9f9B, sender-3=0x96b43891Ea648082f4a4117baD280725B913a216, sender-4=0x77eFb5eDd6894891B99504E693fc61945073309d
Preparing OpenSSL X.509 PKI hierarchy...
Starting online OpenSSL OCSP responders for PKI...
Running measured Omnilink PoW DPKI workload for epsilon=0.3
Running measured PKI certificate-chain workload for epsilon=0.3
epsilon=0.3 DPKI=0.0918s PKI=0.3342 (raw=0.3305s, net+3.73ms) onChain=1118/2000 cross=540/2000 chainBlocks=1118 avgTxPerBlock=1.00 lambda_a=1.311/1.323 lambda_b=1.661/1.677
Deploying DPKIExperiment to Omnilink PoW EVM for eps-0p35...
deployContract estimateGas transient RPC failure on attempt 1/5: Invalid JSON RPC response: ""
Contract: 0x75D85f4d59473Ad64c6357c71337d83d42eFE795
Preparing OpenSSL X.509 hierarchy for DPKI certificates...
Writing initial certificate repositories and MPT roots on Omnilink PoW EVM chain...
Starting online DPKI proof responder at http://127.0.0.1:20080
Synced sender-1 0xab7F5238cbEfB02062241cf979e4994b656FB944 pending nonce=263734
Synced sender-2 0x3499AE3576D556116669077755fB85956EFb9f9B pending nonce=4561
Synced sender-3 0x96b43891Ea648082f4a4117baD280725B913a216 pending nonce=4373
Synced sender-4 0x77eFb5eDd6894891B99504E693fc61945073309d pending nonce=4287
Omnilink PoW EVM workload senders: sender-1=0xab7F5238cbEfB02062241cf979e4994b656FB944, sender-2=0x3499AE3576D556116669077755fB85956EFb9f9B, sender-3=0x96b43891Ea648082f4a4117baD280725B913a216, sender-4=0x77eFb5eDd6894891B99504E693fc61945073309d
Preparing OpenSSL X.509 PKI hierarchy...
Starting online OpenSSL OCSP responders for PKI...
Running measured Omnilink PoW DPKI workload for epsilon=0.35
Running measured PKI certificate-chain workload for epsilon=0.35
epsilon=0.35 DPKI=0.0938s PKI=0.3711 (raw=0.3672s, net+3.92ms) onChain=1181/2000 cross=630/2000 chainBlocks=1181 avgTxPerBlock=1.00 lambda_a=1.197/1.229 lambda_b=1.727/1.772
Deploying DPKIExperiment to Omnilink PoW EVM for eps-0p4...
deployContract estimateGas transient RPC failure on attempt 1/5: Invalid JSON RPC response: ""
Contract: 0xBe62f2A5d7bfBaFf372e950282342C35c3546FB8
Preparing OpenSSL X.509 hierarchy for DPKI certificates...
Writing initial certificate repositories and MPT roots on Omnilink PoW EVM chain...
Starting online DPKI proof responder at http://127.0.0.1:20080
Synced sender-1 0xab7F5238cbEfB02062241cf979e4994b656FB944 pending nonce=264062
Synced sender-2 0x3499AE3576D556116669077755fB85956EFb9f9B pending nonce=4856
Synced sender-3 0x96b43891Ea648082f4a4117baD280725B913a216 pending nonce=4668
Synced sender-4 0x77eFb5eDd6894891B99504E693fc61945073309d pending nonce=4582
Omnilink PoW EVM workload senders: sender-1=0xab7F5238cbEfB02062241cf979e4994b656FB944, sender-2=0x3499AE3576D556116669077755fB85956EFb9f9B, sender-3=0x96b43891Ea648082f4a4117baD280725B913a216, sender-4=0x77eFb5eDd6894891B99504E693fc61945073309d
Preparing OpenSSL X.509 PKI hierarchy...
Starting online OpenSSL OCSP responders for PKI...
Running measured Omnilink PoW DPKI workload for epsilon=0.4
Running measured PKI certificate-chain workload for epsilon=0.4
epsilon=0.4 DPKI=0.0938s PKI=0.3874 (raw=0.3833s, net+4.11ms) onChain=1244/2000 cross=720/2000 chainBlocks=1244 avgTxPerBlock=1.00 lambda_a=1.107/1.134 lambda_b=1.822/1.866
Deploying DPKIExperiment to Omnilink PoW EVM for eps-0p45...
deployContract estimateGas transient RPC failure on attempt 1/5: Invalid JSON RPC response: ""
Contract: 0x0B1332af6f0Fc941a61d0c1423F5A2F4547E2961
Preparing OpenSSL X.509 hierarchy for DPKI certificates...
Writing initial certificate repositories and MPT roots on Omnilink PoW EVM chain...
Starting online DPKI proof responder at http://127.0.0.1:20080
Synced sender-1 0xab7F5238cbEfB02062241cf979e4994b656FB944 pending nonce=264405
Synced sender-2 0x3499AE3576D556116669077755fB85956EFb9f9B pending nonce=5167
Synced sender-3 0x96b43891Ea648082f4a4117baD280725B913a216 pending nonce=4979
Synced sender-4 0x77eFb5eDd6894891B99504E693fc61945073309d pending nonce=4893
Omnilink PoW EVM workload senders: sender-1=0xab7F5238cbEfB02062241cf979e4994b656FB944, sender-2=0x3499AE3576D556116669077755fB85956EFb9f9B, sender-3=0x96b43891Ea648082f4a4117baD280725B913a216, sender-4=0x77eFb5eDd6894891B99504E693fc61945073309d
Preparing OpenSSL X.509 PKI hierarchy...
Starting online OpenSSL OCSP responders for PKI...
Running measured Omnilink PoW DPKI workload for epsilon=0.45
Running measured PKI certificate-chain workload for epsilon=0.45
epsilon=0.45 DPKI=0.0963s PKI=0.4214 (raw=0.4171s, net+4.30ms) onChain=1307/2000 cross=810/2000 chainBlocks=1307 avgTxPerBlock=1.00 lambda_a=0.976/1.040 lambda_b=1.841/1.960
Deploying DPKIExperiment to Omnilink PoW EVM for eps-0p5...
deployContract estimateGas transient RPC failure on attempt 1/5: Invalid JSON RPC response: ""
Contract: 0xf21469A83E40971c6fc295800150bF1d4bBc6b0E
Preparing OpenSSL X.509 hierarchy for DPKI certificates...
Writing initial certificate repositories and MPT roots on Omnilink PoW EVM chain...
Starting online DPKI proof responder at http://127.0.0.1:20080
Synced sender-1 0xab7F5238cbEfB02062241cf979e4994b656FB944 pending nonce=264764
Synced sender-2 0x3499AE3576D556116669077755fB85956EFb9f9B pending nonce=5494
Synced sender-3 0x96b43891Ea648082f4a4117baD280725B913a216 pending nonce=5306
Synced sender-4 0x77eFb5eDd6894891B99504E693fc61945073309d pending nonce=5219
Omnilink PoW EVM workload senders: sender-1=0xab7F5238cbEfB02062241cf979e4994b656FB944, sender-2=0x3499AE3576D556116669077755fB85956EFb9f9B, sender-3=0x96b43891Ea648082f4a4117baD280725B913a216, sender-4=0x77eFb5eDd6894891B99504E693fc61945073309d
Preparing OpenSSL X.509 PKI hierarchy...
Starting online OpenSSL OCSP responders for PKI...
Running measured Omnilink PoW DPKI workload for epsilon=0.5
Running measured PKI certificate-chain workload for epsilon=0.5
epsilon=0.5 DPKI=0.1002s PKI=0.4438 (raw=0.4393s, net+4.49ms) onChain=1370/2000 cross=900/2000 chainBlocks=1370 avgTxPerBlock=1.00 lambda_a=0.931/0.945 lambda_b=2.025/2.055
Deploying DPKIExperiment to Omnilink PoW EVM for eps-0p55...
deployContract estimateGas transient RPC failure on attempt 1/5: Invalid JSON RPC response: ""
Contract: 0x15A913dA37370F3d8D9129B45E3087F3bF0fC088
Preparing OpenSSL X.509 hierarchy for DPKI certificates...
Writing initial certificate repositories and MPT roots on Omnilink PoW EVM chain...
Starting online DPKI proof responder at http://127.0.0.1:20080
Synced sender-1 0xab7F5238cbEfB02062241cf979e4994b656FB944 pending nonce=265139
Synced sender-2 0x3499AE3576D556116669077755fB85956EFb9f9B pending nonce=5837
Synced sender-3 0x96b43891Ea648082f4a4117baD280725B913a216 pending nonce=5648
Synced sender-4 0x77eFb5eDd6894891B99504E693fc61945073309d pending nonce=5561
Omnilink PoW EVM workload senders: sender-1=0xab7F5238cbEfB02062241cf979e4994b656FB944, sender-2=0x3499AE3576D556116669077755fB85956EFb9f9B, sender-3=0x96b43891Ea648082f4a4117baD280725B913a216, sender-4=0x77eFb5eDd6894891B99504E693fc61945073309d
Preparing OpenSSL X.509 PKI hierarchy...
Starting online OpenSSL OCSP responders for PKI...
Running measured Omnilink PoW DPKI workload for epsilon=0.55
Running measured PKI certificate-chain workload for epsilon=0.55
epsilon=0.55 DPKI=0.1020s PKI=0.4897 (raw=0.4851s, net+4.68ms) onChain=1433/2000 cross=990/2000 chainBlocks=1433 avgTxPerBlock=1.00 lambda_a=0.850/0.850 lambda_b=2.148/2.150
Deploying DPKIExperiment to Omnilink PoW EVM for eps-0p6...
deployContract estimateGas transient RPC failure on attempt 1/5: Invalid JSON RPC response: ""
Contract: 0x6513Ee0040239900914847B7818dBf68c1c397d9
Preparing OpenSSL X.509 hierarchy for DPKI certificates...
Writing initial certificate repositories and MPT roots on Omnilink PoW EVM chain...
Starting online DPKI proof responder at http://127.0.0.1:20080
Synced sender-1 0xab7F5238cbEfB02062241cf979e4994b656FB944 pending nonce=265530
Synced sender-2 0x3499AE3576D556116669077755fB85956EFb9f9B pending nonce=6195
Synced sender-3 0x96b43891Ea648082f4a4117baD280725B913a216 pending nonce=6006
Synced sender-4 0x77eFb5eDd6894891B99504E693fc61945073309d pending nonce=5919
Omnilink PoW EVM workload senders: sender-1=0xab7F5238cbEfB02062241cf979e4994b656FB944, sender-2=0x3499AE3576D556116669077755fB85956EFb9f9B, sender-3=0x96b43891Ea648082f4a4117baD280725B913a216, sender-4=0x77eFb5eDd6894891B99504E693fc61945073309d
Preparing OpenSSL X.509 PKI hierarchy...
Starting online OpenSSL OCSP responders for PKI...
Running measured Omnilink PoW DPKI workload for epsilon=0.6
Running measured PKI certificate-chain workload for epsilon=0.6
epsilon=0.6 DPKI=0.1030s PKI=0.5128 (raw=0.5079s, net+4.87ms) onChain=1496/2000 cross=1080/2000 chainBlocks=1496 avgTxPerBlock=1.00 lambda_a=0.765/0.756 lambda_b=2.271/2.244
Observed empty-block process: blocks=145036 duration=5014.799s lambda_p=28.922/s
REAL STAGE STATISTICS
DPKI cross-domain dpkiOnchainAssertionSign: count=7020 mean=17.489ms median=17.240ms
DPKI cross-domain dpkiOnchainAssertionVerify: count=7020 mean=9.185ms median=9.047ms
DPKI cross-domain dpkiOnchainAuthenticateTx: count=7020 mean=50.527ms median=44.005ms
DPKI cross-domain dpkiOnchainAuthSignature: count=7020 mean=1.654ms median=1.631ms
DPKI cross-domain dpkiOnchainMptProofHttpQuery: count=7020 mean=1.998ms median=1.948ms
DPKI cross-domain dpkiOnchainMptProofResponseVerify: count=7020 mean=0.421ms median=0.417ms
DPKI cross-domain dpkiOnchainMptProofSignerCertVerify: count=7020 mean=9.432ms median=9.339ms
DPKI cross-domain dpkiOnchainMptVerify: count=7020 mean=0.360ms median=0.339ms
DPKI cross-domain dpkiOnchainOpenSslVerifyCert: count=7020 mean=9.193ms median=9.090ms
DPKI cross-domain dpkiOnchainRootRead: count=7020 mean=2.134ms median=1.840ms
DPKI intra-off-chain dpkiAuthSignature: count=11466 mean=1.674ms median=1.640ms
DPKI intra-off-chain dpkiChainRootRead: count=11466 mean=2.123ms median=1.854ms
DPKI intra-off-chain dpkiMptProofHttpQuery: count=11466 mean=2.194ms median=2.083ms
DPKI intra-off-chain dpkiMptProofResponseVerify: count=11466 mean=0.424ms median=0.418ms
DPKI intra-off-chain dpkiMptProofSignerCertVerify: count=11466 mean=9.155ms median=9.080ms
DPKI intra-off-chain dpkiMptVerify: count=11466 mean=0.344ms median=0.331ms
DPKI intra-off-chain dpkiOffchainAssertionSign: count=11466 mean=17.252ms median=17.185ms
DPKI intra-off-chain dpkiOffchainAssertionVerify: count=11466 mean=9.205ms median=9.004ms
DPKI intra-off-chain dpkiOpenSslVerifyCert: count=11466 mean=9.126ms median=9.017ms
DPKI intra-on-chain dpkiOnchainAssertionSign: count=4914 mean=17.280ms median=17.240ms
DPKI intra-on-chain dpkiOnchainAssertionVerify: count=4914 mean=9.204ms median=9.033ms
DPKI intra-on-chain dpkiOnchainAuthenticateTx: count=4914 mean=50.420ms median=43.353ms
DPKI intra-on-chain dpkiOnchainAuthSignature: count=4914 mean=1.675ms median=1.641ms
DPKI intra-on-chain dpkiOnchainMptProofHttpQuery: count=4914 mean=1.995ms median=1.945ms
DPKI intra-on-chain dpkiOnchainMptProofResponseVerify: count=4914 mean=0.422ms median=0.418ms
DPKI intra-on-chain dpkiOnchainMptProofSignerCertVerify: count=4914 mean=9.413ms median=9.323ms
DPKI intra-on-chain dpkiOnchainMptVerify: count=4914 mean=0.361ms median=0.339ms
DPKI intra-on-chain dpkiOnchainOpenSslVerifyCert: count=4914 mean=9.171ms median=9.072ms
DPKI intra-on-chain dpkiOnchainRootRead: count=4914 mean=2.110ms median=1.838ms
DPKI management dpkiManagementBuildMpt: count=2600 mean=2.543ms median=2.362ms
DPKI management dpkiManagementIssueCertificate: count=2600 mean=80.491ms median=76.831ms
DPKI management dpkiManagementIssuerAssertionSign: count=2600 mean=17.277ms median=17.232ms
DPKI management dpkiManagementIssuerAssertionVerify: count=2600 mean=9.252ms median=9.051ms
DPKI management dpkiManagementLeafAssertionSign: count=2600 mean=17.321ms median=17.201ms
DPKI management dpkiManagementLeafAssertionVerify: count=2600 mean=9.270ms median=9.013ms
DPKI management dpkiManagementOpenSslIssueCsr: count=2600 mean=17.067ms median=16.922ms
DPKI management dpkiManagementOpenSslIssueExtractPubkey: count=2600 mean=8.833ms median=8.726ms
DPKI management dpkiManagementOpenSslIssueKeygen: count=2600 mean=40.119ms median=36.559ms
DPKI management dpkiManagementOpenSslIssueSignCert: count=2600 mean=13.197ms median=12.849ms
DPKI management dpkiManagementOpenSslVerifyIssuerCA: count=2600 mean=8.806ms median=8.698ms
DPKI management dpkiManagementOpenSslVerifyLeaf: count=2600 mean=9.110ms median=9.009ms
DPKI management dpkiManagementPutCertAndRootTx: count=2600 mean=50.717ms median=45.517ms
DPKI management dpkiManagementVerifyRepositoryUpdateLocal: count=2600 mean=0.006ms median=0.006ms
PKI cross-domain pkiLeafAssertionSign: count=7020 mean=17.244ms median=17.204ms
PKI cross-domain pkiLeafAssertionVerify: count=7020 mean=9.197ms median=8.948ms
PKI cross-domain pkiLeafOcspHttpQuery: count=7020 mean=13.409ms median=11.689ms
PKI cross-domain pkiOpenSslVerifyLeaf: count=7020 mean=8.804ms median=8.710ms
PKI cross-domain pkiOpenSslVerifyRootCA: count=7020 mean=8.702ms median=8.609ms
PKI cross-domain pkiOpenSslVerifySourceCA: count=7020 mean=8.784ms median=8.682ms
PKI cross-domain pkiOpenSslVerifyTargetCA: count=7020 mean=8.791ms median=8.696ms
PKI cross-domain pkiRootCAAssertionSign: count=7020 mean=17.235ms median=17.200ms
PKI cross-domain pkiRootCAAssertionVerify: count=7020 mean=9.084ms median=8.940ms
PKI cross-domain pkiRootCAOcspHttpQuery: count=7020 mean=13.356ms median=11.647ms
PKI cross-domain pkiSourceCAAssertionSign: count=7020 mean=17.283ms median=17.212ms
PKI cross-domain pkiSourceCAAssertionVerify: count=7020 mean=9.171ms median=8.943ms
PKI cross-domain pkiSourceCAOcspHttpQuery: count=7020 mean=13.536ms median=11.658ms
PKI cross-domain pkiTargetCAAssertionSign: count=7020 mean=17.291ms median=17.205ms
PKI cross-domain pkiTargetCAAssertionVerify: count=7020 mean=9.149ms median=8.947ms
PKI cross-domain pkiTargetCAOcspHttpQuery: count=7020 mean=13.533ms median=11.651ms
PKI intra-pki pkiLeafOcspHttpQuery: count=16380 mean=13.230ms median=11.652ms
PKI intra-pki pkiOpenSslAssertionSign: count=16380 mean=17.270ms median=17.200ms
PKI intra-pki pkiOpenSslAssertionVerify: count=16380 mean=9.182ms median=8.941ms
PKI intra-pki pkiOpenSslVerifyLeaf: count=16380 mean=8.796ms median=8.708ms
PKI management pkiManagementIssuerAssertionSign: count=2600 mean=17.134ms median=17.138ms
PKI management pkiManagementIssuerAssertionVerify: count=2600 mean=9.154ms median=8.963ms
PKI management pkiManagementLeafAssertionSign: count=2600 mean=17.205ms median=17.105ms
PKI management pkiManagementLeafAssertionVerify: count=2600 mean=9.228ms median=8.969ms
PKI management pkiManagementOpenSslVerifyIssuerCA: count=2600 mean=8.749ms median=8.658ms
PKI management pkiManagementOpenSslVerifyLeaf: count=2600 mean=8.964ms median=8.868ms
PKI management pkiManagementVerifyRepositoryUpdate: count=2600 mean=0.113ms median=0.110ms
PKI management pkiOpenSslIssueCsr: count=2600 mean=16.951ms median=16.820ms
PKI management pkiOpenSslIssueExtractPubkey: count=2600 mean=8.817ms median=8.708ms
PKI management pkiOpenSslIssueKeygen: count=2600 mean=40.137ms median=35.477ms
PKI management pkiOpenSslIssueSignCert: count=2600 mean=13.276ms median=12.746ms
REAL CHAIN TX BREAKDOWN
authenticate: count=11934 total=50.450ms serializeWait=0.003ms estimateGas=0.000ms sign=0.437ms submitToHash=2.337ms hashToReceipt=47.465ms
putCertificate: count=351 total=50.561ms serializeWait=0.003ms estimateGas=0.000ms sign=0.453ms submitToHash=2.094ms hashToReceipt=47.829ms
putCertificateAndDomainRoot: count=2600 total=50.697ms serializeWait=0.006ms estimateGas=0.000ms sign=0.436ms submitToHash=2.621ms hashToReceipt=47.449ms
putDomainRoot: count=52 total=46.862ms serializeWait=0.009ms estimateGas=0.000ms sign=0.471ms submitToHash=2.371ms hashToReceipt=43.871ms
REAL CALIBRATED PARAMETERS
lambdaTotalMeasured=2.9643818766510157
pManageMeasured=0.1
gammaOnChainMeasured=0.3
qManageMeasured=0.2524333500476507
muModelOffchainAuthMeasured=19.27258202114516
pkiQManageMeasured=0.9424627120266629
pkiMuPrimaryAuthMeasured=5.423844615275074
pkiMuCrossExtraCertificateMeasured=5.423844615275074
pkiMeanPrimaryAuthServiceSec=0.184371063504238
pkiMuSingleCertificateMeasured=5.423844615275074
pkiMeanSingleCertificateServiceSec=0.04858128316923742
pkiMeanManagementServiceSec=0.19562690507698516
lambdaBlockMeasured=28.921595701178866
lambdaBlockMeasurementSource=empty_block_height_observation
lambdaBlockByHeightMeasured=28.921595701178866
lambdaBlockConfigured=50.0
lambdaBlockWindowMeasured=2.8052555871481673
meanChainConfirmSec=0.04746218045954611
powMineEmpty=True
powMeanBlockMs=20.0
serviceCAs=4
dpkiOffchainWorkers=4
dpkiOnchainWorkers=4
meanOnchainAuthServiceSec=0.10265356588739735
meanOffchainAuthServiceSec=0.05188718350778517
meanPooledAuthServiceSec=0.07777803852138739
meanManagementServiceSec=0.20554805257700956
muOffchainAuthMeasured=19.27258202114516
muPooledAuthMeasured=12.857099754772296
pkiMeanServiceSec=0.32111737743458385
pkiCrossDomainMeanServiceSec=0.6866700626637606
chainActiveWindowSec=5180.989592030477
chainObservedBlocks=14534
chainObservation={'startBlockNumber': 5934242, 'endBlockNumber': 6079278, 'observedBlocks': 145036, 'startWallMs': 1781607449767, 'endWallMs': 1781612464566, 'durationSec': 5014.799373400003, 'lambdaBlockByHeightPerSec': 28.921595701178866, 'powRuntimeConfig': {'path': 'C:\\Users\\admin\\Desktop\\Blockchain_based DPKI platform\\DPKI-and-DID-platform-Lenovo\\omnilink-pow-4nodes\\runtime\\configs\\node0.toml', 'exists': True, 'mineEmpty': True, 'meanBlockMs': 20, 'configuredLambdaBlockPerSec': 50}}
serviceShape={'serviceShapeMode': 'none', 'effectiveServiceShapeMode': 'none', 'arrivalMode': 'virtual', 'kindPlanMode': 'fixed', 'dpkiRootReadMode': 'chain', 'dpkiProofReadMode': 'http', 'dpkiProofBasePort': 20080, 'actualExecutionMode': 'serial', 'fixedGasLimit': 800000, 'fixedGasPriceWei': '1', 'chainId': 3999, 'estimateGas': False, 'signingHardfork': 'istanbul', 'rawTxSubmitTimeoutMs': 250, 'rawTxSubmitRetries': 4, 'rawTxReceiptTimeoutMs': 15000, 'dpkiAuthShapeMeanMs': 0.0, 'dpkiCrossShapeMeanMs': 0.0, 'dpkiOnchainShapeMeanMs': 0.0, 'dpkiIntraOffchainShapeMeanMs': 0.0, 'dpkiOffchainShapeMeanMs': 0.0, 'dpkiManagementShapeMeanMs': 0.0, 'pkiAuthShapeMeanMs': 0.0, 'pkiCrossShapeMeanMs': 0.0, 'pkiIntraShapeMeanMs': 0.0, 'pkiManagementShapeMeanMs': 0.0, 'derivedAuthShapeMeanMs': 117.6470588235294, 'derivedManagementShapeMeanMs': 392.156862745098}
arrivalMode=virtual
kindPlanMode=fixed
calibratedTheoryFinite=True

REAL DELAY STATISTICS
model            kind  count  latencyMeanSec  latencyRawMeanSec  latencyMedianSec  queueMeanSec  serviceMeanSec  serviceRawMeanSec  serviceMedianSec  serviceStdSec  serviceCv  localNetworkCompensationMeanSec
 DPKI    cross-domain   7020        0.104821           0.104821          0.097671      0.002031        0.102790           0.102790          0.096256       0.023976   0.233248                         0.000000
 DPKI intra-off-chain  11466        0.051887           0.051887          0.051055      0.000000        0.051887           0.051887          0.051055       0.005025   0.096843                         0.000000
 DPKI  intra-on-chain   4914        0.103783           0.103783          0.096852      0.001325        0.102458           0.102458          0.095791       0.023497   0.229332                         0.000000
 DPKI      management   2600        0.207425           0.207425          0.202230      0.001877        0.205548           0.205548          0.199465       0.029800   0.144978                         0.000000
  PKI    cross-domain   7020        0.711243           0.704154          0.701340      0.017484        0.693759           0.686670          0.690151       0.121725   0.177269                         0.007089
  PKI       intra-pki  16380        0.202144           0.199259          0.181960      0.014888        0.187256           0.184371          0.174143       0.062609   0.339581                         0.002885
  PKI      management   2600        0.212036           0.212036          0.191884      0.016409        0.195627           0.195627          0.187837       0.036670   0.187447                         0.000000

calibratedTheoryFinite=True
Wrote C:\Users\admin\Desktop\Blockchain_based DPKI platform\simu2_tail_prob\simulation_results_by_epsilon.csv
Regenerated C:\Users\admin\Desktop\Blockchain_based DPKI platform\simu2_tail_prob\Fig7_epsilon_ET.png
Wrote C:\Users\admin\Desktop\Blockchain_based DPKI platform\simu2_tail_prob\real_delay_statistics.csv
