node C:\Users\admin\Desktop\Blockchain_based DPKI platform\DPKI-and-DID-platform-Lenovo\chain33-dpki-real-experiment\run-real-dpki-experiment.js --consensus-backend pow --rpc http://127.0.0.1:8545 --pow-rpc http://127.0.0.1:8801 --pow-runtime C:\Users\admin\Desktop\Blockchain_based DPKI platform\DPKI-and-DID-platform-Lenovo\omnilink-pow-4nodes\runtime --pow-warmup-ms 10000 --epsilon-points 0,0.05,0.1,0.15,0.2,0.25,0.3,0.35,0.4,0.45,0.5 --requests-per-epsilon 500 --lambda-arrival 3.0 --p-manage 0.1 --gamma-on-chain 0.3 --q-manage 0.3 --lambda-block 30.0 --service-cas 4 --service-shape-mode target-exponential --dpki-offchain-shape-mean-ms 0.0 --reset-per-epsilon --seed 62500

Using Omnilink PoW EVM at http://127.0.0.1:8545: maintainers=4/4 currentBlock=486735 mineEmpty=true meanBlockMs=20
DPKIExperiment.sol:3:1: Warning: Experimental features are turned on. Do not use experimental features on live deployments.
pragma experimental ABIEncoderV2;
^-------------------------------^

Deploying DPKIExperiment to Omnilink PoW EVM for eps-0...
Contract: 0x2Ab75b44cBB0b3bEe06536095778aDCcd360Aa52
Preparing OpenSSL X.509 hierarchy for DPKI certificates...
Writing initial certificate repositories and MPT roots on Omnilink PoW EVM chain...
Omnilink PoW EVM workload senders: sender-1=0xab7F5238cbEfB02062241cf979e4994b656FB944
Preparing OpenSSL X.509 PKI hierarchy...
Starting online OpenSSL OCSP responders for PKI...
Running measured Omnilink PoW DPKI workload for epsilon=0
Running measured PKI certificate-chain workload for epsilon=0
epsilon=0 DPKI=0.1811s PKI=0.1621s onChain=185/500 cross=0/500 chainBlocks=185 avgTxPerBlock=1.00 lambda_a=1.899/1.890 lambda_b=1.115/1.110
Deploying DPKIExperiment to Omnilink PoW EVM for eps-0p05...
Contract: 0x800E95fcf92564D9fF8EcE7C2A7F370fC77F603C
Preparing OpenSSL X.509 hierarchy for DPKI certificates...
Writing initial certificate repositories and MPT roots on Omnilink PoW EVM chain...
Omnilink PoW EVM workload senders: sender-1=0xab7F5238cbEfB02062241cf979e4994b656FB944
Preparing OpenSSL X.509 PKI hierarchy...
Starting online OpenSSL OCSP responders for PKI...
Running measured Omnilink PoW DPKI workload for epsilon=0.05
Running measured PKI certificate-chain workload for epsilon=0.05
epsilon=0.05 DPKI=0.1837s PKI=0.1672s onChain=201/500 cross=23/500 chainBlocks=201 avgTxPerBlock=1.00 lambda_a=2.135/1.795 lambda_b=1.436/1.205
Deploying DPKIExperiment to Omnilink PoW EVM for eps-0p1...
Contract: 0x49480F6e06EC386c9a4449bb8f1760dB79d97D9d
Preparing OpenSSL X.509 hierarchy for DPKI certificates...
Writing initial certificate repositories and MPT roots on Omnilink PoW EVM chain...
Omnilink PoW EVM workload senders: sender-1=0xab7F5238cbEfB02062241cf979e4994b656FB944
Preparing OpenSSL X.509 PKI hierarchy...
Starting online OpenSSL OCSP responders for PKI...
Running measured Omnilink PoW DPKI workload for epsilon=0.1
Running measured PKI certificate-chain workload for epsilon=0.1
epsilon=0.1 DPKI=0.2181s PKI=0.1798s onChain=217/500 cross=45/500 chainBlocks=217 avgTxPerBlock=1.00 lambda_a=1.681/1.701 lambda_b=1.289/1.299
Deploying DPKIExperiment to Omnilink PoW EVM for eps-0p15...
Contract: 0xE76D61Acd6e21B3D1b14CD2BEC84E89b2cb3bB9c
Preparing OpenSSL X.509 hierarchy for DPKI certificates...
Writing initial certificate repositories and MPT roots on Omnilink PoW EVM chain...
Omnilink PoW EVM workload senders: sender-1=0xab7F5238cbEfB02062241cf979e4994b656FB944
Preparing OpenSSL X.509 PKI hierarchy...
Starting online OpenSSL OCSP responders for PKI...
Running measured Omnilink PoW DPKI workload for epsilon=0.15
Running measured PKI certificate-chain workload for epsilon=0.15
epsilon=0.15 DPKI=0.1988s PKI=0.1884s onChain=232/500 cross=67/500 chainBlocks=232 avgTxPerBlock=1.00 lambda_a=1.592/1.607 lambda_b=1.378/1.393
Deploying DPKIExperiment to Omnilink PoW EVM for eps-0p2...
Contract: 0x2230cbE593F1d5b013670afB2aAd6cD7175E8088
Preparing OpenSSL X.509 hierarchy for DPKI certificates...
Writing initial certificate repositories and MPT roots on Omnilink PoW EVM chain...
Omnilink PoW EVM workload senders: sender-1=0xab7F5238cbEfB02062241cf979e4994b656FB944
Preparing OpenSSL X.509 PKI hierarchy...
Starting online OpenSSL OCSP responders for PKI...
Running measured Omnilink PoW DPKI workload for epsilon=0.2
Running measured PKI certificate-chain workload for epsilon=0.2
epsilon=0.2 DPKI=0.1904s PKI=0.1871s onChain=248/500 cross=90/500 chainBlocks=248 avgTxPerBlock=1.00 lambda_a=1.591/1.512 lambda_b=1.566/1.488
Deploying DPKIExperiment to Omnilink PoW EVM for eps-0p25...
Contract: 0x8f3E1E2ff556ed87C3D927f65AF0C217cC8d2083
Preparing OpenSSL X.509 hierarchy for DPKI certificates...
Writing initial certificate repositories and MPT roots on Omnilink PoW EVM chain...
Omnilink PoW EVM workload senders: sender-1=0xab7F5238cbEfB02062241cf979e4994b656FB944
Preparing OpenSSL X.509 PKI hierarchy...
Starting online OpenSSL OCSP responders for PKI...
Running measured Omnilink PoW DPKI workload for epsilon=0.25
Running measured PKI certificate-chain workload for epsilon=0.25
epsilon=0.25 DPKI=0.2029s PKI=0.2009s onChain=264/500 cross=113/500 chainBlocks=264 avgTxPerBlock=1.00 lambda_a=1.426/1.417 lambda_b=1.596/1.583
Deploying DPKIExperiment to Omnilink PoW EVM for eps-0p3...
Contract: 0x75aeB5DB3eAc9eEbCBa63B9de7C956A5BdF869c8
Preparing OpenSSL X.509 hierarchy for DPKI certificates...
Writing initial certificate repositories and MPT roots on Omnilink PoW EVM chain...
Omnilink PoW EVM workload senders: sender-1=0xab7F5238cbEfB02062241cf979e4994b656FB944
Preparing OpenSSL X.509 PKI hierarchy...
Starting online OpenSSL OCSP responders for PKI...
Running measured Omnilink PoW DPKI workload for epsilon=0.3
Running measured PKI certificate-chain workload for epsilon=0.3
epsilon=0.3 DPKI=0.2075s PKI=0.2040s onChain=280/500 cross=135/500 chainBlocks=280 avgTxPerBlock=1.00 lambda_a=1.318/1.323 lambda_b=1.677/1.677
Deploying DPKIExperiment to Omnilink PoW EVM for eps-0p35...
Contract: 0x183F835e549e8142A049F4B5cbFda9164aDafeC4
Preparing OpenSSL X.509 hierarchy for DPKI certificates...
Writing initial certificate repositories and MPT roots on Omnilink PoW EVM chain...
Omnilink PoW EVM workload senders: sender-1=0xab7F5238cbEfB02062241cf979e4994b656FB944
Preparing OpenSSL X.509 PKI hierarchy...
Starting online OpenSSL OCSP responders for PKI...
Running measured Omnilink PoW DPKI workload for epsilon=0.35
Running measured PKI certificate-chain workload for epsilon=0.35
epsilon=0.35 DPKI=0.2018s PKI=0.2120s onChain=295/500 cross=157/500 chainBlocks=295 avgTxPerBlock=1.00 lambda_a=1.238/1.229 lambda_b=1.781/1.772
Deploying DPKIExperiment to Omnilink PoW EVM for eps-0p4...
Contract: 0x5d559104B12845aDD36Cd264E8057412CC357aFa
Preparing OpenSSL X.509 hierarchy for DPKI certificates...
Writing initial certificate repositories and MPT roots on Omnilink PoW EVM chain...
Omnilink PoW EVM workload senders: sender-1=0xab7F5238cbEfB02062241cf979e4994b656FB944
Preparing OpenSSL X.509 PKI hierarchy...
Starting online OpenSSL OCSP responders for PKI...
Running measured Omnilink PoW DPKI workload for epsilon=0.4
Running measured PKI certificate-chain workload for epsilon=0.4
epsilon=0.4 DPKI=0.1828s PKI=0.2140s onChain=311/500 cross=180/500 chainBlocks=311 avgTxPerBlock=1.00 lambda_a=1.092/1.134 lambda_b=1.797/1.866
Deploying DPKIExperiment to Omnilink PoW EVM for eps-0p45...
Contract: 0x63ACa55308bDa6dfd7bbEB56Cfc581aC580B9C44
Preparing OpenSSL X.509 hierarchy for DPKI certificates...
Writing initial certificate repositories and MPT roots on Omnilink PoW EVM chain...
Omnilink PoW EVM workload senders: sender-1=0xab7F5238cbEfB02062241cf979e4994b656FB944
Preparing OpenSSL X.509 PKI hierarchy...
Starting online OpenSSL OCSP responders for PKI...
Running measured Omnilink PoW DPKI workload for epsilon=0.45
Running measured PKI certificate-chain workload for epsilon=0.45
epsilon=0.45 DPKI=0.1922s PKI=0.2201s onChain=327/500 cross=203/500 chainBlocks=327 avgTxPerBlock=1.00 lambda_a=1.055/1.040 lambda_b=1.995/1.960
Deploying DPKIExperiment to Omnilink PoW EVM for eps-0p5...
Contract: 0x6cb7623ae3d364983730c0F82Cc8eF0C28B6DbAA
Preparing OpenSSL X.509 hierarchy for DPKI certificates...
Writing initial certificate repositories and MPT roots on Omnilink PoW EVM chain...
Omnilink PoW EVM workload senders: sender-1=0xab7F5238cbEfB02062241cf979e4994b656FB944
Preparing OpenSSL X.509 PKI hierarchy...
Starting online OpenSSL OCSP responders for PKI...
Running measured Omnilink PoW DPKI workload for epsilon=0.5
Running measured PKI certificate-chain workload for epsilon=0.5
epsilon=0.5 DPKI=0.2476s PKI=0.2229s onChain=343/500 cross=225/500 chainBlocks=343 avgTxPerBlock=1.00 lambda_a=0.928/0.945 lambda_b=2.027/2.055
Observed empty-block process: blocks=110872 duration=3710.254s lambda_p=29.883/s
REAL STAGE STATISTICS
DPKI cross-domain dpkiCrossDomainTargetExponentialWait: count=1238 mean=57.490ms median=0.000ms
DPKI cross-domain dpkiCrossMainMptCacheAndProof: count=1238 mean=0.017ms median=0.007ms
DPKI cross-domain dpkiCrossMainMptVerify: count=1238 mean=0.373ms median=0.338ms
DPKI cross-domain dpkiCrossMainRootRead: count=1238 mean=2.229ms median=1.629ms
DPKI cross-domain dpkiOnchainAuthenticateTx: count=1238 mean=76.796ms median=70.220ms
DPKI cross-domain dpkiOnchainEntityTxIdSign: count=1238 mean=0.539ms median=0.499ms
DPKI cross-domain dpkiOnchainOpenSslVerifyCert: count=1238 mean=10.686ms median=9.681ms
DPKI cross-domain dpkiOnchainResolveAuthRecord: count=1238 mean=2.333ms median=2.159ms
DPKI cross-domain dpkiOnchainServiceRecordSign: count=1238 mean=0.623ms median=0.610ms
DPKI cross-domain dpkiOnchainVerifyResolvedRecord: count=1238 mean=2.283ms median=2.226ms
DPKI intra-off-chain dpkiAuthSignature: count=2597 mean=1.768ms median=1.716ms
DPKI intra-off-chain dpkiChainRootRead: count=2597 mean=3.081ms median=2.055ms
DPKI intra-off-chain dpkiIntraOffChainTargetExponentialWait: count=2597 mean=110.994ms median=75.975ms
DPKI intra-off-chain dpkiMptCacheAndProof: count=2597 mean=2.585ms median=0.040ms
DPKI intra-off-chain dpkiMptVerify: count=2597 mean=0.459ms median=0.372ms
DPKI intra-off-chain dpkiOpenSslVerifyCert: count=2597 mean=9.565ms median=9.373ms
DPKI intra-off-chain dpkiRootMismatchRetry: count=31 mean=1.000ms median=1.000ms
DPKI intra-off-chain dpkiWaitManagementOnRootMismatch: count=31 mean=21.593ms median=21.971ms
DPKI intra-on-chain dpkiIntraOnChainTargetExponentialWait: count=1115 mean=58.470ms median=0.000ms
DPKI intra-on-chain dpkiOnchainAuthenticateTx: count=1115 mean=75.667ms median=70.389ms
DPKI intra-on-chain dpkiOnchainEntityTxIdSign: count=1115 mean=0.632ms median=0.554ms
DPKI intra-on-chain dpkiOnchainOpenSslVerifyCert: count=1115 mean=10.807ms median=9.712ms
DPKI intra-on-chain dpkiOnchainResolveAuthRecord: count=1115 mean=3.089ms median=2.440ms
DPKI intra-on-chain dpkiOnchainServiceRecordSign: count=1115 mean=0.639ms median=0.623ms
DPKI intra-on-chain dpkiOnchainVerifyResolvedRecord: count=1115 mean=2.361ms median=2.279ms
DPKI management dpkiManagementBuildMpt: count=550 mean=10.081ms median=9.999ms
DPKI management dpkiManagementIssueCertificate: count=550 mean=83.107ms median=78.717ms
DPKI management dpkiManagementOpenSslIssueCsr: count=550 mean=17.280ms median=17.195ms
DPKI management dpkiManagementOpenSslIssueExtractPubkey: count=550 mean=9.020ms median=8.964ms
DPKI management dpkiManagementOpenSslIssueKeygen: count=550 mean=42.869ms median=38.535ms
DPKI management dpkiManagementOpenSslIssueSignCert: count=550 mean=12.599ms median=12.513ms
DPKI management dpkiManagementPutCertAndRootTx: count=550 mean=76.071ms median=68.932ms
DPKI management dpkiManagementTargetExponentialWait: count=550 mean=243.122ms median=98.462ms
PKI cross-domain pkiCrossDomainTargetExponentialWait: count=1238 mean=30.962ms median=0.000ms
PKI cross-domain pkiLeafAssertionSign: count=1238 mean=16.579ms median=16.611ms
PKI cross-domain pkiLeafAssertionVerify: count=1238 mean=8.674ms median=8.526ms
PKI cross-domain pkiLeafOcspHttpQuery: count=1238 mean=13.700ms median=11.471ms
PKI cross-domain pkiOpenSslVerifyLeaf: count=1238 mean=10.323ms median=9.447ms
PKI cross-domain pkiOpenSslVerifyRootCA: count=1238 mean=8.349ms median=8.285ms
PKI cross-domain pkiOpenSslVerifySourceCA: count=1238 mean=8.531ms median=8.481ms
PKI cross-domain pkiOpenSslVerifyTargetCA: count=1238 mean=8.479ms median=8.424ms
PKI cross-domain pkiRootCAAssertionSign: count=1238 mean=16.747ms median=16.708ms
PKI cross-domain pkiRootCAAssertionVerify: count=1238 mean=8.826ms median=8.630ms
PKI cross-domain pkiRootCAOcspHttpQuery: count=1238 mean=13.720ms median=11.217ms
PKI cross-domain pkiSourceCAAssertionSign: count=1238 mean=16.675ms median=16.654ms
PKI cross-domain pkiSourceCAAssertionVerify: count=1238 mean=8.770ms median=8.607ms
PKI cross-domain pkiSourceCAOcspHttpQuery: count=1238 mean=14.082ms median=11.207ms
PKI cross-domain pkiTargetCAAssertionSign: count=1238 mean=16.743ms median=16.735ms
PKI cross-domain pkiTargetCAAssertionVerify: count=1238 mean=8.759ms median=8.581ms
PKI cross-domain pkiTargetCAOcspHttpQuery: count=1238 mean=13.583ms median=11.264ms
PKI intra-pki pkiIntraPkiTargetExponentialWait: count=3712 mean=94.067ms median=46.709ms
PKI intra-pki pkiLeafOcspHttpQuery: count=3712 mean=13.662ms median=11.474ms
PKI intra-pki pkiOpenSslAssertionSign: count=3712 mean=16.645ms median=16.631ms
PKI intra-pki pkiOpenSslAssertionVerify: count=3712 mean=8.672ms median=8.532ms
PKI intra-pki pkiOpenSslVerifyLeaf: count=3712 mean=10.098ms median=9.340ms
PKI management pkiLeafOcspHttpQuery: count=550 mean=17.217ms median=13.654ms
PKI management pkiManagementTargetExponentialWait: count=550 mean=249.231ms median=110.410ms
PKI management pkiOcspResponderHotUpdate: count=550 mean=64.227ms median=64.098ms
PKI management pkiOpenSslIssueCsr: count=550 mean=17.321ms median=17.069ms
PKI management pkiOpenSslIssueExtractPubkey: count=550 mean=9.077ms median=8.980ms
PKI management pkiOpenSslIssueKeygen: count=550 mean=43.145ms median=38.402ms
PKI management pkiOpenSslIssueSignCert: count=550 mean=12.548ms median=12.477ms
PKI management pkiOpenSslVerifyLeaf: count=550 mean=9.134ms median=9.029ms
REAL CHAIN TX BREAKDOWN
authenticateSigned: count=2353 total=76.215ms serializeWait=0.006ms estimateGas=4.020ms sign=1.100ms submitToHash=1.670ms hashToReceipt=69.231ms
putCertificate: count=209 total=74.293ms serializeWait=0.004ms estimateGas=3.352ms sign=1.129ms submitToHash=1.427ms hashToReceipt=68.210ms
putCertificateAndDomainRoot: count=550 total=76.050ms serializeWait=0.005ms estimateGas=5.312ms sign=1.102ms submitToHash=1.737ms hashToReceipt=67.736ms
putDomainRoot: count=33 total=70.156ms serializeWait=0.010ms estimateGas=2.809ms sign=1.507ms submitToHash=1.941ms hashToReceipt=63.818ms
REAL CALIBRATED PARAMETERS
lambdaTotalMeasured=3.0466767629044123
pManageMeasured=0.1
gammaOnChainMeasured=0.3003771551724138
qManageMeasured=0.3122113882392198
muModelOffchainAuthMeasured=7.76578281104885
pkiQManageMeasured=0.33204580605451817
pkiMuPrimaryAuthMeasured=6.766256852290005
pkiMuCrossExtraCertificateMeasured=20.602168219652963
pkiMeanPrimaryAuthServiceSec=0.14779220207426136
pkiMuSingleCertificateMeasured=20.602168219652963
pkiMeanSingleCertificateServiceSec=0.04853858047067459
pkiMeanManagementServiceSec=0.4450958252729611
lambdaBlockMeasured=29.882589375478673
lambdaBlockMeasurementSource=empty_block_height_observation
lambdaBlockByHeightMeasured=29.882589375478673
lambdaBlockConfigured=50.0
lambdaBlockWindowMeasured=0.8224856124516273
meanChainConfirmSec=0.06773623018159108
powMineEmpty=True
powMeanBlockMs=20.0
serviceCAs=4
meanOnchainAuthServiceSec=0.152694066638313
meanOffchainAuthServiceSec=0.12877001898343582
meanPooledAuthServiceSec=0.14014239961614813
meanManagementServiceSec=0.41244497745473274
muOffchainAuthMeasured=7.76578281104885
muPooledAuthMeasured=7.135599238624521
pkiMeanServiceSec=0.19605941781815345
pkiCrossDomainMeanServiceSec=0.23014494345723524
chainActiveWindowSec=3529.545023100004
chainObservedBlocks=2903
chainObservation={'startBlockNumber': 486752, 'endBlockNumber': 597624, 'observedBlocks': 110872, 'startWallMs': 1781263713844, 'endWallMs': 1781267424102, 'durationSec': 3710.254108400002, 'lambdaBlockByHeightPerSec': 29.882589375478673, 'powRuntimeConfig': {'path': 'C:\\Users\\admin\\Desktop\\Blockchain_based DPKI platform\\DPKI-and-DID-platform-Lenovo\\omnilink-pow-4nodes\\runtime\\configs\\node0.toml', 'exists': True, 'mineEmpty': True, 'meanBlockMs': 20, 'configuredLambdaBlockPerSec': 50}}
serviceShape={'serviceShapeMode': 'target-exponential', 'effectiveServiceShapeMode': 'target-exponential', 'dpkiAuthShapeMeanMs': 0.0, 'dpkiCrossShapeMeanMs': 0.0, 'dpkiOnchainShapeMeanMs': 0.0, 'dpkiIntraOffchainShapeMeanMs': 0.0, 'dpkiOffchainShapeMeanMs': 0.0, 'dpkiManagementShapeMeanMs': 0.0, 'pkiAuthShapeMeanMs': 0.0, 'pkiCrossShapeMeanMs': 0.0, 'pkiIntraShapeMeanMs': 0.0, 'pkiManagementShapeMeanMs': 0.0, 'derivedAuthShapeMeanMs': 117.6470588235294, 'derivedManagementShapeMeanMs': 392.156862745098}
calibratedTheoryFinite=True

REAL DELAY STATISTICS
model            kind  count  latencyMeanSec  latencyMedianSec  queueMeanSec  serviceMeanSec  serviceMedianSec  serviceStdSec  serviceCv
 DPKI    cross-domain   1238        0.226466          0.145323      0.072964        0.153502          0.114758       0.100996   0.657944
 DPKI intra-off-chain   2597        0.128795          0.097418      0.000025        0.128770          0.097382       0.118842   0.922899
 DPKI  intra-on-chain   1115        0.222666          0.137179      0.070869        0.151797          0.107416       0.102551   0.675578
 DPKI      management    550        0.437067          0.299918      0.024622        0.412445          0.267757       0.344052   0.834177
  PKI    cross-domain   1238        0.230386          0.197137      0.000241        0.230145          0.197122       0.092860   0.403484
  PKI       intra-pki   3712        0.147948          0.103453      0.000156        0.147792          0.103267       0.123739   0.837253
  PKI      management    550        0.445117          0.315033      0.000021        0.445096          0.315008       0.329646   0.740618

calibratedTheoryFinite=True
Wrote C:\Users\admin\Desktop\Blockchain_based DPKI platform\simu2_tail_prob\simulation_results_by_epsilon.csv
Regenerated C:\Users\admin\Desktop\Blockchain_based DPKI platform\simu2_tail_prob\Fig7_epsilon_ET.png
Wrote C:\Users\admin\Desktop\Blockchain_based DPKI platform\simu2_tail_prob\real_delay_statistics.csv
