node C:\Users\admin\Desktop\Blockchain_based DPKI platform\DPKI-and-DID-platform-Lenovo\chain33-dpki-real-experiment\run-real-dpki-experiment.js --consensus-backend pow --rpc http://127.0.0.1:8545 --pow-rpc http://127.0.0.1:8801 --pow-runtime C:\Users\admin\Desktop\Blockchain_based DPKI platform\DPKI-and-DID-platform-Lenovo\omnilink-pow-4nodes\runtime --pow-warmup-ms 10000 --epsilon-points 0,0.05,0.1,0.15,0.2,0.25,0.3,0.35,0.4,0.45,0.5 --requests-per-epsilon 100 --lambda-arrival 3.0 --p-manage 0.1 --gamma-on-chain 0.3 --q-manage 0.3 --lambda-block 30.0 --service-cas 4 --service-shape-mode target-exponential --dpki-offchain-shape-mean-ms 0.0 --reset-per-epsilon --seed 62000

Using Omnilink PoW EVM at http://127.0.0.1:8545: maintainers=4/4 currentBlock=447873 mineEmpty=true meanBlockMs=20
DPKIExperiment.sol:3:1: Warning: Experimental features are turned on. Do not use experimental features on live deployments.
pragma experimental ABIEncoderV2;
^-------------------------------^

Deploying DPKIExperiment to Omnilink PoW EVM for eps-0...
Contract: 0x20d5C45498810b35802742E75c33e224b311c5aC
Preparing OpenSSL X.509 hierarchy for DPKI certificates...
Writing initial certificate repositories and MPT roots on Omnilink PoW EVM chain...
Omnilink PoW EVM workload senders: sender-1=0xab7F5238cbEfB02062241cf979e4994b656FB944
Preparing OpenSSL X.509 PKI hierarchy...
Starting online OpenSSL OCSP responders for PKI...
Running measured Omnilink PoW DPKI workload for epsilon=0
Running measured PKI certificate-chain workload for epsilon=0
epsilon=0 DPKI=0.1468s PKI=0.1624s onChain=37/100 cross=0/100 chainBlocks=37 avgTxPerBlock=1.00 lambda_a=1.830/1.890 lambda_b=1.075/1.110
Deploying DPKIExperiment to Omnilink PoW EVM for eps-0p05...
Contract: 0x0949E3f1eA97F269226bF422FbE43f51606Baf75
Preparing OpenSSL X.509 hierarchy for DPKI certificates...
Writing initial certificate repositories and MPT roots on Omnilink PoW EVM chain...
Omnilink PoW EVM workload senders: sender-1=0xab7F5238cbEfB02062241cf979e4994b656FB944
Preparing OpenSSL X.509 PKI hierarchy...
Starting online OpenSSL OCSP responders for PKI...
Running measured Omnilink PoW DPKI workload for epsilon=0.05
Running measured PKI certificate-chain workload for epsilon=0.05
epsilon=0.05 DPKI=0.1729s PKI=0.1885s onChain=40/100 cross=4/100 chainBlocks=40 avgTxPerBlock=1.00 lambda_a=1.666/1.795 lambda_b=1.111/1.205
Deploying DPKIExperiment to Omnilink PoW EVM for eps-0p1...
Contract: 0x27291237c1d3C9C4391A1BbFbcE13Ad76dF5F497
Preparing OpenSSL X.509 hierarchy for DPKI certificates...
Writing initial certificate repositories and MPT roots on Omnilink PoW EVM chain...
Omnilink PoW EVM workload senders: sender-1=0xab7F5238cbEfB02062241cf979e4994b656FB944
Preparing OpenSSL X.509 PKI hierarchy...
Starting online OpenSSL OCSP responders for PKI...
Running measured Omnilink PoW DPKI workload for epsilon=0.1
Running measured PKI certificate-chain workload for epsilon=0.1
epsilon=0.1 DPKI=0.1810s PKI=0.1673s onChain=43/100 cross=9/100 chainBlocks=43 avgTxPerBlock=1.00 lambda_a=1.864/1.701 lambda_b=1.406/1.299
Deploying DPKIExperiment to Omnilink PoW EVM for eps-0p15...
Contract: 0x02eb72431f0e4a59BbD5945EAA2118c03Bc4fE4b
Preparing OpenSSL X.509 hierarchy for DPKI certificates...
Writing initial certificate repositories and MPT roots on Omnilink PoW EVM chain...
Omnilink PoW EVM workload senders: sender-1=0xab7F5238cbEfB02062241cf979e4994b656FB944
Preparing OpenSSL X.509 PKI hierarchy...
Starting online OpenSSL OCSP responders for PKI...
Running measured Omnilink PoW DPKI workload for epsilon=0.15
Running measured PKI certificate-chain workload for epsilon=0.15
epsilon=0.15 DPKI=0.1530s PKI=0.1911s onChain=46/100 cross=13/100 chainBlocks=46 avgTxPerBlock=1.00 lambda_a=1.555/1.607 lambda_b=1.324/1.393
Deploying DPKIExperiment to Omnilink PoW EVM for eps-0p2...
Contract: 0x10EADbec72099527de0c2F9139aC64Fa28691950
Preparing OpenSSL X.509 hierarchy for DPKI certificates...
Writing initial certificate repositories and MPT roots on Omnilink PoW EVM chain...
Omnilink PoW EVM workload senders: sender-1=0xab7F5238cbEfB02062241cf979e4994b656FB944
Preparing OpenSSL X.509 PKI hierarchy...
Starting online OpenSSL OCSP responders for PKI...
Running measured Omnilink PoW DPKI workload for epsilon=0.2
Running measured PKI certificate-chain workload for epsilon=0.2
epsilon=0.2 DPKI=0.1865s PKI=0.1868s onChain=50/100 cross=18/100 chainBlocks=50 avgTxPerBlock=1.00 lambda_a=1.425/1.512 lambda_b=1.425/1.488
Deploying DPKIExperiment to Omnilink PoW EVM for eps-0p25...
Contract: 0x98Ee1584E0eab17057F227F17B018895d793b0AD
Preparing OpenSSL X.509 hierarchy for DPKI certificates...
Writing initial certificate repositories and MPT roots on Omnilink PoW EVM chain...
Omnilink PoW EVM workload senders: sender-1=0xab7F5238cbEfB02062241cf979e4994b656FB944
Preparing OpenSSL X.509 PKI hierarchy...
Starting online OpenSSL OCSP responders for PKI...
Running measured Omnilink PoW DPKI workload for epsilon=0.25
Running measured PKI certificate-chain workload for epsilon=0.25
epsilon=0.25 DPKI=0.1856s PKI=0.1966s onChain=53/100 cross=23/100 chainBlocks=53 avgTxPerBlock=1.00 lambda_a=1.199/1.417 lambda_b=1.352/1.583
Deploying DPKIExperiment to Omnilink PoW EVM for eps-0p3...
Contract: 0x1ED4d8b1d8FFD092Afd08F8335a7e80829407479
Preparing OpenSSL X.509 hierarchy for DPKI certificates...
Writing initial certificate repositories and MPT roots on Omnilink PoW EVM chain...
Omnilink PoW EVM workload senders: sender-1=0xab7F5238cbEfB02062241cf979e4994b656FB944
Preparing OpenSSL X.509 PKI hierarchy...
Starting online OpenSSL OCSP responders for PKI...
Running measured Omnilink PoW DPKI workload for epsilon=0.3
Running measured PKI certificate-chain workload for epsilon=0.3
epsilon=0.3 DPKI=0.2038s PKI=0.1862s onChain=56/100 cross=27/100 chainBlocks=56 avgTxPerBlock=1.00 lambda_a=1.628/1.323 lambda_b=2.073/1.677
Deploying DPKIExperiment to Omnilink PoW EVM for eps-0p35...
Contract: 0x3B7A97e917C305a617e04f3E6464499dCde6842b
Preparing OpenSSL X.509 hierarchy for DPKI certificates...
Writing initial certificate repositories and MPT roots on Omnilink PoW EVM chain...
Omnilink PoW EVM workload senders: sender-1=0xab7F5238cbEfB02062241cf979e4994b656FB944
Preparing OpenSSL X.509 PKI hierarchy...
Starting online OpenSSL OCSP responders for PKI...
Running measured Omnilink PoW DPKI workload for epsilon=0.35
Running measured PKI certificate-chain workload for epsilon=0.35
epsilon=0.35 DPKI=0.2743s PKI=0.2520s onChain=59/100 cross=31/100 chainBlocks=59 avgTxPerBlock=1.00 lambda_a=1.060/1.229 lambda_b=1.526/1.772
Deploying DPKIExperiment to Omnilink PoW EVM for eps-0p4...
Contract: 0xa7D3997593516b46f41934A1Bfa18D850d9FB6AA
Preparing OpenSSL X.509 hierarchy for DPKI certificates...
Writing initial certificate repositories and MPT roots on Omnilink PoW EVM chain...
Omnilink PoW EVM workload senders: sender-1=0xab7F5238cbEfB02062241cf979e4994b656FB944
Preparing OpenSSL X.509 PKI hierarchy...
Starting online OpenSSL OCSP responders for PKI...
Running measured Omnilink PoW DPKI workload for epsilon=0.4
Running measured PKI certificate-chain workload for epsilon=0.4
epsilon=0.4 DPKI=0.2427s PKI=0.2307s onChain=62/100 cross=36/100 chainBlocks=62 avgTxPerBlock=1.00 lambda_a=1.186/1.134 lambda_b=1.934/1.866
Deploying DPKIExperiment to Omnilink PoW EVM for eps-0p45...
Contract: 0x8B6Cec1EF1093EED2aEefb8F8B109a7B28e17f75
Preparing OpenSSL X.509 hierarchy for DPKI certificates...
Writing initial certificate repositories and MPT roots on Omnilink PoW EVM chain...
Omnilink PoW EVM workload senders: sender-1=0xab7F5238cbEfB02062241cf979e4994b656FB944
Preparing OpenSSL X.509 PKI hierarchy...
Starting online OpenSSL OCSP responders for PKI...
Running measured Omnilink PoW DPKI workload for epsilon=0.45
Running measured PKI certificate-chain workload for epsilon=0.45
epsilon=0.45 DPKI=0.2849s PKI=0.2169s onChain=65/100 cross=40/100 chainBlocks=65 avgTxPerBlock=1.00 lambda_a=1.182/1.040 lambda_b=2.195/1.960
Deploying DPKIExperiment to Omnilink PoW EVM for eps-0p5...
Contract: 0xFF91bf975e4579a736E666C1dA7212Ec7aBEb684
Preparing OpenSSL X.509 hierarchy for DPKI certificates...
Writing initial certificate repositories and MPT roots on Omnilink PoW EVM chain...
Omnilink PoW EVM workload senders: sender-1=0xab7F5238cbEfB02062241cf979e4994b656FB944
Preparing OpenSSL X.509 PKI hierarchy...
Starting online OpenSSL OCSP responders for PKI...
Running measured Omnilink PoW DPKI workload for epsilon=0.5
Running measured PKI certificate-chain workload for epsilon=0.5
epsilon=0.5 DPKI=0.2577s PKI=0.2020s onChain=69/100 cross=45/100 chainBlocks=69 avgTxPerBlock=1.00 lambda_a=1.139/0.945 lambda_b=2.534/2.055
Observed empty-block process: blocks=23272 duration=783.107s lambda_p=29.718/s
REAL STAGE STATISTICS
DPKI cross-domain dpkiCrossDomainTargetExponentialWait: count=246 mean=63.727ms median=0.000ms
DPKI cross-domain dpkiCrossMainMptCacheAndProof: count=246 mean=0.059ms median=0.006ms
DPKI cross-domain dpkiCrossMainMptVerify: count=246 mean=0.363ms median=0.330ms
DPKI cross-domain dpkiCrossMainRootRead: count=246 mean=2.186ms median=1.642ms
DPKI cross-domain dpkiOnchainAuthenticateTx: count=246 mean=73.713ms median=69.608ms
DPKI cross-domain dpkiOnchainEntityTxIdSign: count=246 mean=0.553ms median=0.520ms
DPKI cross-domain dpkiOnchainOpenSslVerifyCert: count=246 mean=10.593ms median=9.643ms
DPKI cross-domain dpkiOnchainResolveAuthRecord: count=246 mean=2.222ms median=2.170ms
DPKI cross-domain dpkiOnchainServiceRecordSign: count=246 mean=0.647ms median=0.622ms
DPKI cross-domain dpkiOnchainVerifyResolvedRecord: count=246 mean=2.279ms median=2.250ms
DPKI intra-off-chain dpkiAuthSignature: count=520 mean=1.818ms median=1.770ms
DPKI intra-off-chain dpkiChainRootRead: count=520 mean=2.927ms median=2.076ms
DPKI intra-off-chain dpkiIntraOffChainTargetExponentialWait: count=520 mean=116.313ms median=83.291ms
DPKI intra-off-chain dpkiMptCacheAndProof: count=520 mean=1.293ms median=0.046ms
DPKI intra-off-chain dpkiMptVerify: count=520 mean=0.432ms median=0.352ms
DPKI intra-off-chain dpkiOpenSslVerifyCert: count=520 mean=9.609ms median=9.341ms
DPKI intra-off-chain dpkiRootMismatchRetry: count=9 mean=1.000ms median=1.000ms
DPKI intra-off-chain dpkiWaitManagementOnRootMismatch: count=9 mean=27.471ms median=31.037ms
DPKI intra-on-chain dpkiIntraOnChainTargetExponentialWait: count=224 mean=56.696ms median=0.000ms
DPKI intra-on-chain dpkiOnchainAuthenticateTx: count=224 mean=77.489ms median=70.642ms
DPKI intra-on-chain dpkiOnchainEntityTxIdSign: count=224 mean=0.655ms median=0.574ms
DPKI intra-on-chain dpkiOnchainOpenSslVerifyCert: count=224 mean=10.998ms median=9.918ms
DPKI intra-on-chain dpkiOnchainResolveAuthRecord: count=224 mean=3.189ms median=2.443ms
DPKI intra-on-chain dpkiOnchainServiceRecordSign: count=224 mean=0.667ms median=0.662ms
DPKI intra-on-chain dpkiOnchainVerifyResolvedRecord: count=224 mean=2.376ms median=2.311ms
DPKI management dpkiManagementBuildMpt: count=110 mean=4.096ms median=4.143ms
DPKI management dpkiManagementIssueCertificate: count=110 mean=84.438ms median=80.113ms
DPKI management dpkiManagementOpenSslIssueCsr: count=110 mean=17.299ms median=17.247ms
DPKI management dpkiManagementOpenSslIssueExtractPubkey: count=110 mean=9.020ms median=8.947ms
DPKI management dpkiManagementOpenSslIssueKeygen: count=110 mean=44.119ms median=40.465ms
DPKI management dpkiManagementOpenSslIssueSignCert: count=110 mean=12.621ms median=12.526ms
DPKI management dpkiManagementPutCertAndRootTx: count=110 mean=73.246ms median=67.676ms
DPKI management dpkiManagementTargetExponentialWait: count=110 mean=249.596ms median=96.403ms
PKI cross-domain pkiCrossDomainTargetExponentialWait: count=248 mean=28.950ms median=0.000ms
PKI cross-domain pkiLeafAssertionSign: count=248 mean=16.433ms median=16.498ms
PKI cross-domain pkiLeafAssertionVerify: count=248 mean=8.567ms median=8.505ms
PKI cross-domain pkiLeafOcspHttpQuery: count=248 mean=13.585ms median=11.443ms
PKI cross-domain pkiOpenSslVerifyLeaf: count=248 mean=10.345ms median=9.462ms
PKI cross-domain pkiOpenSslVerifyRootCA: count=248 mean=8.363ms median=8.276ms
PKI cross-domain pkiOpenSslVerifySourceCA: count=248 mean=8.506ms median=8.469ms
PKI cross-domain pkiOpenSslVerifyTargetCA: count=248 mean=8.464ms median=8.418ms
PKI cross-domain pkiRootCAAssertionSign: count=248 mean=16.612ms median=16.648ms
PKI cross-domain pkiRootCAAssertionVerify: count=248 mean=8.676ms median=8.615ms
PKI cross-domain pkiRootCAOcspHttpQuery: count=248 mean=13.876ms median=11.233ms
PKI cross-domain pkiSourceCAAssertionSign: count=248 mean=16.640ms median=16.535ms
PKI cross-domain pkiSourceCAAssertionVerify: count=248 mean=8.738ms median=8.607ms
PKI cross-domain pkiSourceCAOcspHttpQuery: count=248 mean=14.328ms median=11.169ms
PKI cross-domain pkiTargetCAAssertionSign: count=248 mean=16.706ms median=16.681ms
PKI cross-domain pkiTargetCAAssertionVerify: count=248 mean=8.734ms median=8.595ms
PKI cross-domain pkiTargetCAOcspHttpQuery: count=248 mean=14.533ms median=11.253ms
PKI intra-pki pkiIntraPkiTargetExponentialWait: count=742 mean=98.864ms median=37.091ms
PKI intra-pki pkiLeafOcspHttpQuery: count=742 mean=13.462ms median=11.458ms
PKI intra-pki pkiOpenSslAssertionSign: count=742 mean=16.685ms median=16.661ms
PKI intra-pki pkiOpenSslAssertionVerify: count=742 mean=8.643ms median=8.528ms
PKI intra-pki pkiOpenSslVerifyLeaf: count=742 mean=10.167ms median=9.401ms
PKI management pkiLeafOcspHttpQuery: count=110 mean=18.933ms median=13.915ms
PKI management pkiManagementTargetExponentialWait: count=110 mean=236.163ms median=71.252ms
PKI management pkiOcspResponderHotUpdate: count=110 mean=64.890ms median=64.832ms
PKI management pkiOpenSslIssueCsr: count=110 mean=17.229ms median=17.015ms
PKI management pkiOpenSslIssueExtractPubkey: count=110 mean=9.042ms median=8.968ms
PKI management pkiOpenSslIssueKeygen: count=110 mean=42.510ms median=38.300ms
PKI management pkiOpenSslIssueSignCert: count=110 mean=12.513ms median=12.423ms
PKI management pkiOpenSslVerifyLeaf: count=110 mean=9.075ms median=9.039ms
REAL CHAIN TX BREAKDOWN
authenticateSigned: count=470 total=75.465ms serializeWait=0.005ms estimateGas=3.930ms sign=1.093ms submitToHash=1.679ms hashToReceipt=68.569ms
putCertificate: count=209 total=76.055ms serializeWait=0.004ms estimateGas=3.196ms sign=1.116ms submitToHash=1.469ms hashToReceipt=70.104ms
putCertificateAndDomainRoot: count=110 total=73.226ms serializeWait=0.005ms estimateGas=5.093ms sign=1.350ms submitToHash=1.974ms hashToReceipt=64.645ms
putDomainRoot: count=33 total=73.315ms serializeWait=0.012ms estimateGas=2.638ms sign=1.122ms submitToHash=1.393ms hashToReceipt=68.074ms
REAL CALIBRATED PARAMETERS
lambdaTotalMeasured=3.0168477025547156
pManageMeasured=0.1
gammaOnChainMeasured=0.3010752688172043
qManageMeasured=0.32308488720651435
muModelOffchainAuthMeasured=7.522630586355233
pkiQManageMeasured=0.3506911634754292
pkiMuPrimaryAuthMeasured=6.54098791334638
pkiMuCrossExtraCertificateMeasured=20.589517962094597
pkiMeanPrimaryAuthServiceSec=0.1528821048514059
pkiMuSingleCertificateMeasured=20.589517962094597
pkiMeanSingleCertificateServiceSec=0.048568402710593074
pkiMeanManagementServiceSec=0.4359451300007376
lambdaBlockMeasured=29.717503663290163
lambdaBlockMeasurementSource=empty_block_height_observation
lambdaBlockByHeightMeasured=29.717503663290163
lambdaBlockConfigured=50.0
lambdaBlockWindowMeasured=0.7753290248677297
meanChainConfirmSec=0.06464459272799167
powMineEmpty=True
powMeanBlockMs=20.0
serviceCAs=4
meanOnchainAuthServiceSec=0.15444797680824995
meanOffchainAuthServiceSec=0.13293222211573558
meanPooledAuthServiceSec=0.1431467723232929
meanManagementServiceSec=0.411446735454283
muOffchainAuthMeasured=7.522630586355233
muPooledAuthMeasured=6.985836870575946
pkiMeanServiceSec=0.19806922290876508
pkiCrossDomainMeanServiceSec=0.22775668991861803
chainActiveWindowSec=748.0695051999986
chainObservedBlocks=580
chainObservation={'startBlockNumber': 447892, 'endBlockNumber': 471164, 'observedBlocks': 23272, 'startWallMs': 1781262405632, 'endWallMs': 1781263188740, 'durationSec': 783.1075, 'lambdaBlockByHeightPerSec': 29.717503663290163, 'powRuntimeConfig': {'path': 'C:\\Users\\admin\\Desktop\\Blockchain_based DPKI platform\\DPKI-and-DID-platform-Lenovo\\omnilink-pow-4nodes\\runtime\\configs\\node0.toml', 'exists': True, 'mineEmpty': True, 'meanBlockMs': 20, 'configuredLambdaBlockPerSec': 50}}
serviceShape={'serviceShapeMode': 'target-exponential', 'effectiveServiceShapeMode': 'target-exponential', 'dpkiAuthShapeMeanMs': 0.0, 'dpkiCrossShapeMeanMs': 0.0, 'dpkiOnchainShapeMeanMs': 0.0, 'dpkiIntraOffchainShapeMeanMs': 0.0, 'dpkiOffchainShapeMeanMs': 0.0, 'dpkiManagementShapeMeanMs': 0.0, 'pkiAuthShapeMeanMs': 0.0, 'pkiCrossShapeMeanMs': 0.0, 'pkiIntraShapeMeanMs': 0.0, 'pkiManagementShapeMeanMs': 0.0, 'derivedAuthShapeMeanMs': 117.6470588235294, 'derivedManagementShapeMeanMs': 392.156862745098}
calibratedTheoryFinite=True

REAL DELAY STATISTICS
model            kind  count  latencyMeanSec  latencyMedianSec  queueMeanSec  serviceMeanSec  serviceMedianSec  serviceStdSec  serviceCv
 DPKI    cross-domain    246        0.260590          0.154941      0.104107        0.156484          0.118272       0.108146   0.691098
 DPKI intra-off-chain    520        0.132966          0.099491      0.000034        0.132932          0.099461       0.125599   0.944835
 DPKI  intra-on-chain    224        0.209436          0.140172      0.057224        0.152212          0.112155       0.108960   0.715846
 DPKI      management    110        0.443212          0.283246      0.031765        0.411447          0.266007       0.395339   0.960850
  PKI    cross-domain    248        0.228372          0.199026      0.000616        0.227757          0.199013       0.077207   0.338990
  PKI       intra-pki    742        0.152908          0.099854      0.000026        0.152882          0.099824       0.131100   0.857522
  PKI      management    110        0.435968          0.314605      0.000023        0.435945          0.314563       0.327560   0.751380

calibratedTheoryFinite=True
Wrote C:\Users\admin\Desktop\Blockchain_based DPKI platform\simu2_tail_prob\simulation_results_by_epsilon.csv
Regenerated C:\Users\admin\Desktop\Blockchain_based DPKI platform\simu2_tail_prob\Fig7_epsilon_ET.png
Wrote C:\Users\admin\Desktop\Blockchain_based DPKI platform\simu2_tail_prob\real_delay_statistics.csv
