Using Omnilink PoW EVM at http://127.0.0.1:8545: maintainers=4/4 currentBlock=409497 mineEmpty=true meanBlockMs=20
Deploying DPKIExperiment to Omnilink PoW EVM for eps-0p1...
Contract: 0x301c444d3968F81B5fFa785cCc9Bf35e7b4bf448
Preparing OpenSSL X.509 hierarchy for DPKI certificates...
Writing initial certificate repositories and MPT roots on Omnilink PoW EVM chain...
Omnilink PoW EVM workload senders: sender-1=0xab7F5238cbEfB02062241cf979e4994b656FB944
Preparing OpenSSL X.509 PKI hierarchy...
Starting online OpenSSL OCSP responders for PKI...
Running measured Omnilink PoW DPKI workload for epsilon=0.1
Running measured PKI certificate-chain workload for epsilon=0.1
epsilon=0.1 DPKI=0.1045s PKI=0.2847s onChain=87/200 cross=18/200 chainBlocks=87 avgTxPerBlock=1.00 lambda_a=8.402/7.938 lambda_b=6.469/6.062
Observed empty-block process: blocks=1024 duration=34.281s lambda_p=29.871/s
REAL STAGE STATISTICS
DPKI cross-domain dpkiCrossMainMptCacheAndProof: count=18 mean=0.108ms median=0.008ms
DPKI cross-domain dpkiCrossMainMptVerify: count=18 mean=0.390ms median=0.359ms
DPKI cross-domain dpkiCrossMainRootRead: count=18 mean=3.465ms median=1.724ms
DPKI cross-domain dpkiOnchainAuthenticateTx: count=18 mean=72.510ms median=70.993ms
DPKI cross-domain dpkiOnchainEntityTxIdSign: count=18 mean=0.552ms median=0.527ms
DPKI cross-domain dpkiOnchainOpenSslVerifyCert: count=18 mean=9.945ms median=9.209ms
DPKI cross-domain dpkiOnchainResolveAuthRecord: count=18 mean=2.652ms median=2.436ms
DPKI cross-domain dpkiOnchainServiceRecordSign: count=18 mean=0.670ms median=0.663ms
DPKI cross-domain dpkiOnchainVerifyResolvedRecord: count=18 mean=2.472ms median=2.375ms
DPKI intra-off-chain dpkiAuthSignature: count=113 mean=1.861ms median=1.806ms
DPKI intra-off-chain dpkiChainRootRead: count=113 mean=5.008ms median=2.029ms
DPKI intra-off-chain dpkiModelAlignedOffchainService: count=113 mean=54.374ms median=38.310ms
DPKI intra-off-chain dpkiMptCacheAndProof: count=113 mean=1.209ms median=0.045ms
DPKI intra-off-chain dpkiMptVerify: count=113 mean=0.416ms median=0.363ms
DPKI intra-off-chain dpkiOpenSslVerifyCert: count=113 mean=9.331ms median=9.250ms
DPKI intra-off-chain dpkiRootMismatchRetry: count=5 mean=1.000ms median=1.000ms
DPKI intra-off-chain dpkiWaitManagementOnRootMismatch: count=5 mean=8.228ms median=0.029ms
DPKI intra-on-chain dpkiOnchainAuthenticateTx: count=49 mean=78.579ms median=73.384ms
DPKI intra-on-chain dpkiOnchainEntityTxIdSign: count=49 mean=0.688ms median=0.582ms
DPKI intra-on-chain dpkiOnchainOpenSslVerifyCert: count=49 mean=9.784ms median=9.310ms
DPKI intra-on-chain dpkiOnchainResolveAuthRecord: count=49 mean=5.330ms median=2.853ms
DPKI intra-on-chain dpkiOnchainServiceRecordSign: count=49 mean=0.695ms median=0.663ms
DPKI intra-on-chain dpkiOnchainVerifyResolvedRecord: count=49 mean=2.369ms median=2.302ms
DPKI management dpkiManagementBuildMpt: count=20 mean=5.669ms median=5.327ms
DPKI management dpkiManagementIssueCertificate: count=20 mean=85.368ms median=82.621ms
DPKI management dpkiManagementOpenSslIssueCsr: count=20 mean=17.171ms median=17.121ms
DPKI management dpkiManagementOpenSslIssueExtractPubkey: count=20 mean=9.323ms median=9.062ms
DPKI management dpkiManagementOpenSslIssueKeygen: count=20 mean=44.878ms median=39.704ms
DPKI management dpkiManagementOpenSslIssueSignCert: count=20 mean=12.552ms median=12.569ms
DPKI management dpkiManagementPutCertAndRootTx: count=20 mean=80.391ms median=75.521ms
PKI cross-domain pkiLeafAssertionSign: count=18 mean=17.380ms median=16.840ms
PKI cross-domain pkiLeafAssertionVerify: count=18 mean=9.077ms median=8.625ms
PKI cross-domain pkiLeafOcspHttpQuery: count=18 mean=13.343ms median=11.440ms
PKI cross-domain pkiOpenSslVerifyLeaf: count=18 mean=8.654ms median=8.620ms
PKI cross-domain pkiOpenSslVerifyRootCA: count=18 mean=8.462ms median=8.374ms
PKI cross-domain pkiOpenSslVerifySourceCA: count=18 mean=8.705ms median=8.685ms
PKI cross-domain pkiOpenSslVerifyTargetCA: count=18 mean=8.687ms median=8.597ms
PKI cross-domain pkiRootCAAssertionSign: count=18 mean=16.856ms median=16.952ms
PKI cross-domain pkiRootCAAssertionVerify: count=18 mean=8.795ms median=8.731ms
PKI cross-domain pkiRootCAOcspHttpQuery: count=18 mean=15.081ms median=11.403ms
PKI cross-domain pkiSourceCAAssertionSign: count=18 mean=16.989ms median=17.033ms
PKI cross-domain pkiSourceCAAssertionVerify: count=18 mean=9.134ms median=8.686ms
PKI cross-domain pkiSourceCAOcspHttpQuery: count=18 mean=12.422ms median=11.123ms
PKI cross-domain pkiTargetCAAssertionSign: count=18 mean=16.847ms median=16.899ms
PKI cross-domain pkiTargetCAAssertionVerify: count=18 mean=8.782ms median=8.837ms
PKI cross-domain pkiTargetCAOcspHttpQuery: count=18 mean=13.869ms median=11.504ms
PKI intra-pki pkiLeafOcspHttpQuery: count=162 mean=14.620ms median=11.609ms
PKI intra-pki pkiOpenSslAssertionSign: count=162 mean=17.180ms median=17.052ms
PKI intra-pki pkiOpenSslAssertionVerify: count=162 mean=8.850ms median=8.673ms
PKI intra-pki pkiOpenSslVerifyLeaf: count=162 mean=8.718ms median=8.641ms
PKI management pkiLeafOcspHttpQuery: count=20 mean=12.651ms median=11.593ms
PKI management pkiOcspResponderHotUpdate: count=20 mean=75.452ms median=70.861ms
PKI management pkiOpenSslIssueCsr: count=20 mean=17.264ms median=17.160ms
PKI management pkiOpenSslIssueExtractPubkey: count=20 mean=9.203ms median=9.082ms
PKI management pkiOpenSslIssueKeygen: count=20 mean=42.442ms median=40.675ms
PKI management pkiOpenSslIssueSignCert: count=20 mean=13.021ms median=12.574ms
PKI management pkiOpenSslVerifyLeaf: count=20 mean=9.330ms median=9.071ms
REAL CHAIN TX BREAKDOWN
authenticateSigned: count=67 total=76.901ms serializeWait=0.009ms estimateGas=6.206ms sign=1.865ms submitToHash=3.518ms hashToReceipt=65.082ms
putCertificate: count=19 total=74.448ms serializeWait=0.005ms estimateGas=3.520ms sign=1.421ms submitToHash=1.602ms hashToReceipt=67.632ms
putCertificateAndDomainRoot: count=20 total=80.368ms serializeWait=0.010ms estimateGas=10.145ms sign=1.303ms submitToHash=5.329ms hashToReceipt=63.401ms
putDomainRoot: count=3 total=68.798ms serializeWait=0.032ms estimateGas=3.214ms sign=1.838ms submitToHash=1.825ms hashToReceipt=61.761ms
REAL CALIBRATED PARAMETERS
lambdaTotalMeasured=14.870527410996312
pManageMeasured=0.1
gammaOnChainMeasured=0.30246913580246915
qManageMeasured=0.42343739011466214
muModelOffchainAuthMeasured=13.770847707696664
pkiQManageMeasured=0.3763117383346832
pkiMuPrimaryAuthMeasured=8.216996179967335
pkiMuCrossExtraCertificateMeasured=20.3957091821971
pkiMeanPrimaryAuthServiceSec=0.12169897345674259
pkiMuSingleCertificateMeasured=20.3957091821971
pkiMeanSingleCertificateServiceSec=0.04902992051253971
pkiMeanManagementServiceSec=0.3233993550010026
lambdaBlockMeasured=29.870641976161988
lambdaBlockMeasurementSource=empty_block_height_observation
lambdaBlockByHeightMeasured=29.870641976161988
lambdaBlockConfigured=50.0
lambdaBlockWindowMeasured=6.457115169801142
meanChainConfirmSec=0.06340055999830364
powMineEmpty=True
powMeanBlockMs=20.0
serviceCAs=4
meanOnchainAuthServiceSec=0.0963082522380708
meanOffchainAuthServiceSec=0.07261717079632578
meanPooledAuthServiceSec=0.08143551777741975
meanManagementServiceSec=0.1714944700010121
muOffchainAuthMeasured=13.770847707696664
muPooledAuthMeasured=12.279654225729963
pkiMeanServiceSec=0.16085204600028694
pkiCrossDomainMeanServiceSec=0.33262157778027984
chainActiveWindowSec=13.47350909999013
chainObservedBlocks=87
chainObservation={'startBlockNumber': 409515, 'endBlockNumber': 410539, 'observedBlocks': 1024, 'startWallMs': 1781261114070, 'endWallMs': 1781261148351, 'durationSec': 34.28115139999986, 'lambdaBlockByHeightPerSec': 29.870641976161988, 'powRuntimeConfig': {'path': 'C:\\Users\\admin\\Desktop\\Blockchain_based DPKI platform\\DPKI-and-DID-platform-Lenovo\\omnilink-pow-4nodes\\runtime\\configs\\node0.toml', 'exists': True, 'mineEmpty': True, 'meanBlockMs': 20, 'configuredLambdaBlockPerSec': 50}}
calibratedTheoryFinite=True

REAL DELAY STATISTICS
model            kind  count  latencyMeanSec  latencyMedianSec  queueMeanSec  serviceMeanSec  serviceMedianSec
 DPKI    cross-domain     18        0.132259          0.093060      0.039360        0.092899          0.090537
 DPKI intra-off-chain    113        0.072642          0.058606      0.000025        0.072617          0.058590
 DPKI  intra-on-chain     49        0.133646          0.137282      0.036086        0.097561          0.090353
 DPKI      management     20        0.188593          0.172105      0.017098        0.171494          0.169531
  PKI    cross-domain     18        0.533947          0.526539      0.201325        0.332622          0.330461
  PKI       intra-pki    162        0.248490          0.199219      0.126791        0.121699          0.122258
  PKI      management     20        0.353480          0.328846      0.030080        0.323399          0.328825

calibratedTheoryFinite=True
Wrote C:\Users\admin\Desktop\Blockchain_based DPKI platform\simu2_tail_prob\simulation_results_by_epsilon.csv
Regenerated C:\Users\admin\Desktop\Blockchain_based DPKI platform\simu2_tail_prob\Fig7_epsilon_ET.png
Wrote C:\Users\admin\Desktop\Blockchain_based DPKI platform\simu2_tail_prob\real_delay_statistics.csv
